// Jest Snapshot v1, https://goo.gl/fbAQLP

exports[`define data 1`] = `
Object {
  "axtial_tilt": 23.4,
  "ecliptic_zero": 1553119080000,
  "era": Array [
    "西暦",
    "紀元前",
  ],
  "geo": Array [
    35,
    135,
  ],
  "hours": Array [
    "0時",
    "1時",
    "2時",
    "3時",
    "4時",
    "5時",
    "6時",
    "7時",
    "8時",
    "9時",
    "10時",
    "11時",
    "12時",
    "13時",
    "14時",
    "15時",
    "16時",
    "17時",
    "18時",
    "19時",
    "20時",
    "21時",
    "22時",
    "23時",
  ],
  "lat": 35,
  "leaps": Array [
    4,
    100,
    400,
  ],
  "lng": 135,
  "minutes": Array [
    "0分",
    "1分",
    "2分",
    "3分",
    "4分",
    "5分",
    "6分",
    "7分",
    "8分",
    "9分",
    "10分",
    "11分",
    "12分",
    "13分",
    "14分",
    "15分",
    "16分",
    "17分",
    "18分",
    "19分",
    "20分",
    "21分",
    "22分",
    "23分",
    "24分",
    "25分",
    "26分",
    "27分",
    "28分",
    "29分",
    "30分",
    "31分",
    "32分",
    "33分",
    "34分",
    "35分",
    "36分",
    "37分",
    "38分",
    "39分",
    "40分",
    "41分",
    "42分",
    "43分",
    "44分",
    "45分",
    "46分",
    "47分",
    "48分",
    "49分",
    "50分",
    "51分",
    "52分",
    "53分",
    "54分",
    "55分",
    "56分",
    "57分",
    "58分",
    "59分",
  ],
  "month_ranges": Array [
    31,
    0,
    31,
    30,
    31,
    30,
    31,
    31,
    30,
    31,
    30,
    31,
  ],
  "month_sum": 337,
  "months": Array [
    "1月",
    "2月",
    "3月",
    "4月",
    "5月",
    "6月",
    "7月",
    "8月",
    "9月",
    "10月",
    "11月",
    "12月",
  ],
  "moon_idx": 27,
  "seasons": Array [
    "立春",
    "雨水",
    "啓蟄",
    "春分",
    "清明",
    "穀雨",
    "立夏",
    "小満",
    "芒種",
    "夏至",
    "小暑",
    "大暑",
    "立秋",
    "処暑",
    "白露",
    "秋分",
    "寒露",
    "霜降",
    "立冬",
    "小雪",
    "大雪",
    "冬至",
    "小寒",
    "大寒",
  ],
  "start": "1970年1月1日(木)0時0分0秒",
  "start_at": 0,
  "tz_offset": 32400000,
  "weeks": Array [
    "日",
    "月",
    "火",
    "水",
    "木",
    "金",
    "土",
  ],
}
`;
