// Jest Snapshot v1, https://goo.gl/fbAQLP

exports[`pushState snapshot 1`] = `"<div><span>a</span><span>b</span><span>c</span><span>d</span><span>e</span><span>f</span><span>g</span><span>h</span><span>i</span><span>j</span></div>"`;

exports[`pushState snapshot 2`] = `"<div><span>A</span><span>a</span><span>f</span><span>e</span><span>d</span><span>c</span><span>j</span><span>i</span><span>h</span><span>g</span></div>"`;
